---
source: crates/const-struct-version/src/lib.rs
expression: version
---
3ef55f6613dbde7f329fbd67508439878b1facc0
