---
source: crates/const-struct-version/src/lib.rs
expression: version
---
41e1543a419fc7200b80fd9cf7a5673551ddb2fc
