---
source: crates/const-struct-version/src/lib.rs
expression: version
---
2a7af69990bd59f4676933bdfac4f577c6f51b2e
