---
source: crates/const-struct-version/src/lib.rs
expression: version
---
dacad9c95c0d008fdae87fef1815552478868c53
