---
source: crates/const-struct-version/src/lib.rs
expression: version
---
3c3c92ff20335765dbadd2930de367c0a8a9d9cb
