---
source: crates/const-struct-version/src/lib.rs
expression: version
---
5039d155a71c0a5f7a2b2654ad49cb7ee47a8980
