---
source: crates/const-struct-version/src/lib.rs
expression: version
---
18b1a9ea4e81c8728abf4feb68aa197dee391fa4
