---
source: crates/const-struct-version/src/lib.rs
expression: version
---
ef36790b487559cff915a358e27813681db6a6ea
