---
source: crates/const-struct-version/src/lib.rs
expression: version
---
491ba14d93244f6b50090ec70a26719c5cb0beac
