---
source: crates/const-struct-version/src/lib.rs
expression: version
---
81fb446c6a4e9aa1d13a1b86beacfa52fefd2a2f
