---
source: crates/const-struct-version/src/lib.rs
expression: version
---
ab061868710f22115b6b7a63e54fcfa9c33df6a1
