---
source: crates/const-struct-version/src/lib.rs
expression: version
---
5e4f271193e07522ffe05c4e8d95579b2013b6f7
