---
source: crates/const-struct-version/src/lib.rs
expression: version
---
e64cae22328da7462a207985a516b8ec1a900d25
