---
source: crates/const-struct-version/src/lib.rs
expression: version
---
45a47b156acfa992f6da75555580aaae00b8cd0f
