---
source: crates/const-struct-version/src/lib.rs
expression: version
---
e29d144ed4328d7c42306b3af3503581e92db9b4
