---
source: crates/const-struct-version/src/lib.rs
expression: version
---
a32959d6cdd4500a095ff22a20fff18ca8765db1
