---
source: crates/const-struct-version/src/lib.rs
expression: version
---
9fe24e87e219fd0d40a654077bfe20f9800f5dbb
