---
source: crates/const-struct-version/src/lib.rs
expression: version
---
496042011a876c687fd713edb8388ab69e8b0bc6
