---
source: crates/const-struct-version/src/lib.rs
expression: version
---
a5ff23f28af286f8313823678f9c9e892e30c52c
