---
source: crates/const-struct-version/src/lib.rs
expression: version
---
75128da767806f92f2c9b684109d0d925442ea4b
