---
source: crates/const-struct-version/src/lib.rs
expression: version
---
510bc4383771bead91127d5b15abbf43a865ac81
