---
source: crates/const-struct-version/src/lib.rs
expression: version
---
71fafc4e2fc1e47e234762a96b80512b6b5534c2
