---
source: crates/const-struct-version/src/lib.rs
expression: version
---
ca58000caffa24364cf821488e348159a5d3ed11
