---
source: crates/const-struct-version/tests/enum_unit_variants.rs
expression: version
---
"06d945942aa26a61be18c3e22bf19bbca8dd2b5d"
