---
source: crates/const-struct-version/tests/integration.rs
expression: version1
---
fba45310542184ee6005afa7ce9e2c4d74dd66ed
