---
source: crates/const-struct-version/tests/unit_struct.rs
expression: version
---
"da39a3ee5e6b4b0d3255bfef95601890afd80709"
